mu_sensitivity 2026-05-27 19:54:25
MESH_DIVISOR=3
Cases: ['C2_N3_t020_g010_x', 'C2_N4_t015_g008_x']
mu_r variants: [500, 2000, 5000]


------------------------------------------------------------
Processing MU_C2_N3_t020_g010_x_mu500 | layers=3 | a=0.200mm | mu_r=500
copied C2_N3_t020_g010_shield.aedt -> MU_C2_N3_t020_g010_x_mu500_shield.aedt
OpenProject: OK -> IDispatch(ISProject2)
tangential-H faces: 4
set material Cylinder2 -> ferrite_mu500: OK
set material Cylinder4 -> ferrite_mu500: OK
set material Cylinder6 -> ferrite_mu500: OK
set material Cylinder8 -> ferrite_mu500: FAILED
Traceback (most recent call last):
  File "D:/tangyumengnew/aaaaaaaaximukeji/scripts/aedt_export/mu_sensitivity.py", line 81, in safe
    value = fn()
  File "D:/tangyumengnew/aaaaaaaaximukeji/scripts/aedt_export/mu_sensitivity.py", line 173, in <lambda$282>
    oEditor.ChangeProperty([
Exception: ChangeProperty(Structured Array args)(IronPython.Runtime.List) - call failed. Logs or message window might have more details

changed ferrite material to ferrite_mu500 (mu_r=500)
cleared 0 mesh ops
SURF Cylinder2: FAILED
Traceback (most recent call last):
  File "D:/tangyumengnew/aaaaaaaaximukeji/scripts/aedt_export/mu_sensitivity.py", line 81, in safe
    value = fn()
  File "D:/tangyumengnew/aaaaaaaaximukeji/scripts/aedt_export/mu_sensitivity.py", line 136, in <lambda$280>
    mesh_module.AssignLengthOp([
Exception: AssignLengthOp(Structured Array dataArg)(IronPython.Runtime.List) - call failed. Logs or message window might have more details

VOL  Cylinder2: FAILED
Traceback (most recent call last):
  File "D:/tangyumengnew/aaaaaaaaximukeji/scripts/aedt_export/mu_sensitivity.py", line 81, in safe
    value = fn()
  File "D:/tangyumengnew/aaaaaaaaximukeji/scripts/aedt_export/mu_sensitivity.py", line 147, in <lambda$281>
    mesh_module.AssignLengthOp([
Exception: AssignLengthOp(Structured Array dataArg)(IronPython.Runtime.List) - call failed. Logs or message window might have more details

SURF Cylinder4: FAILED
Traceback (most recent call last):
  File "D:/tangyumengnew/aaaaaaaaximukeji/scripts/aedt_export/mu_sensitivity.py", line 81, in safe
    value = fn()
  File "D:/tangyumengnew/aaaaaaaaximukeji/scripts/aedt_export/mu_sensitivity.py", line 136, in <lambda$280>
    mesh_module.AssignLengthOp([
Exception: AssignLengthOp(Structured Array dataArg)(IronPython.Runtime.List) - call failed. Logs or message window might have more details

VOL  Cylinder4: FAILED
Traceback (most recent call last):
  File "D:/tangyumengnew/aaaaaaaaximukeji/scripts/aedt_export/mu_sensitivity.py", line 81, in safe
    value = fn()
  File "D:/tangyumengnew/aaaaaaaaximukeji/scripts/aedt_export/mu_sensitivity.py", line 147, in <lambda$281>
    mesh_module.AssignLengthOp([
Exception: AssignLengthOp(Structured Array dataArg)(IronPython.Runtime.List) - call failed. Logs or message window might have more details

SURF Cylinder6: FAILED
Traceback (most recent call last):
  File "D:/tangyumengnew/aaaaaaaaximukeji/scripts/aedt_export/mu_sensitivity.py", line 81, in safe
    value = fn()
  File "D:/tangyumengnew/aaaaaaaaximukeji/scripts/aedt_export/mu_sensitivity.py", line 136, in <lambda$280>
    mesh_module.AssignLengthOp([
Exception: AssignLengthOp(Structured Array dataArg)(IronPython.Runtime.List) - call failed. Logs or message window might have more details

VOL  Cylinder6: FAILED
Traceback (most recent call last):
  File "D:/tangyumengnew/aaaaaaaaximukeji/scripts/aedt_export/mu_sensitivity.py", line 81, in safe
    value = fn()
  File "D:/tangyumengnew/aaaaaaaaximukeji/scripts/aedt_export/mu_sensitivity.py", line 147, in <lambda$281>
    mesh_module.AssignLengthOp([
Exception: AssignLengthOp(Structured Array dataArg)(IronPython.Runtime.List) - call failed. Logs or message window might have more details

assigned mesh: a=0.200mm MaxLength=0.0666666666667mm divisor=3 objects=['Cylinder2', 'Cylinder4', 'Cylinder6']
ValidateDesign: OK -> 1
Analyze Setup1: OK -> 0
eval Bcenter_Bx: OK -> 4.19744915905e-07
eval Bcenter_By: OK -> -3.8586177869e-09
eval Bcenter_Bz: OK -> 4.40799936664e-10
eval Bcenter_Mag: FAILED
Traceback (most recent call last):
  File "D:/tangyumengnew/aaaaaaaaximukeji/scripts/aedt_export/mu_sensitivity.py", line 81, in safe
    value = fn()
  File "D:/tangyumengnew/aaaaaaaaximukeji/scripts/aedt_export/mu_sensitivity.py", line 352, in <lambda$289>
    Bmag = safe(fp, "eval Bcenter_Mag", lambda: eval_bmag(fields))
  File "D:/tangyumengnew/aaaaaaaaximukeji/scripts/aedt_export/mu_sensitivity.py", line 215, in eval_bmag
    fields.CalcOp("ComplexMag")
Exception: CalcOp(string data)(ComplexMag) - call failed. Logs or message window might have more details

SFx=2.99372297885
Center field: {'Bcenter_Bx_T': 4.1974491590464698e-07, 'Bcenter_Mag_T': '', 'case_id': 'MU_C2_N3_t020_g010_x_mu500', 'field_dir': 'x', 'status': 'exported', 'source_project': 'D:\\tangyumengnew\\aaaaaaaaximukeji\\round2_working\\manufacturable_thin\\MU_C2_N3_t020_g010_x_mu500_shield.aedt', 'Bcenter_Bz_T': 4.4079993666427399e-10, 'Bcenter_By_T': -3.8586177868991496e-09}
eval IntH2_total: OK -> 4.38092548022e-06
eval IntH2_L1: OK -> 1.12486305557e-06
eval IntH2_L2: OK -> 1.58194909982e-06
eval IntH2_L3: OK -> 1.67411332483e-06
IntH2: {'IntH2_L3': 1.6741133248334e-06, 'IntH2_total': 4.3809254802243798e-06, 'IntH2_L2': 1.58194909982239e-06, 'status': 'exported', 'coil_dir': 'x', 'case_id': 'MU_C2_N3_t020_g010_x_mu500', 'notes': 'mu_r=500', 'IntH2_L1': 1.1248630555685901e-06, 'IntH2_L5': '', 'source_project': 'D:\\tangyumengnew\\aaaaaaaaximukeji\\round2_working\\manufacturable_thin\\MU_C2_N3_t020_g010_x_mu500_shield.aedt', 'IntH2_L4': '', 'IntH2_L6': ''}
Save: OK
CloseProject: OK

------------------------------------------------------------
Processing MU_C2_N3_t020_g010_x_mu2000 | layers=3 | a=0.200mm | mu_r=2000
copied C2_N3_t020_g010_shield.aedt -> MU_C2_N3_t020_g010_x_mu2000_shield.aedt
OpenProject: OK -> IDispatch(ISProject2)
tangential-H faces: 4
set material Cylinder2 -> ferrite_mu2000: OK
set material Cylinder4 -> ferrite_mu2000: OK
set material Cylinder6 -> ferrite_mu2000: OK
set material Cylinder8 -> ferrite_mu2000: FAILED
Traceback (most recent call last):
  File "D:/tangyumengnew/aaaaaaaaximukeji/scripts/aedt_export/mu_sensitivity.py", line 81, in safe
    value = fn()
  File "D:/tangyumengnew/aaaaaaaaximukeji/scripts/aedt_export/mu_sensitivity.py", line 173, in <lambda$282>
    oEditor.ChangeProperty([
Exception: ChangeProperty(Structured Array args)(IronPython.Runtime.List) - call failed. Logs or message window might have more details

changed ferrite material to ferrite_mu2000 (mu_r=2000)
cleared 0 mesh ops
SURF Cylinder2: FAILED
Traceback (most recent call last):
  File "D:/tangyumengnew/aaaaaaaaximukeji/scripts/aedt_export/mu_sensitivity.py", line 81, in safe
    value = fn()
  File "D:/tangyumengnew/aaaaaaaaximukeji/scripts/aedt_export/mu_sensitivity.py", line 136, in <lambda$280>
    mesh_module.AssignLengthOp([
Exception: AssignLengthOp(Structured Array dataArg)(IronPython.Runtime.List) - call failed. Logs or message window might have more details

VOL  Cylinder2: FAILED
Traceback (most recent call last):
  File "D:/tangyumengnew/aaaaaaaaximukeji/scripts/aedt_export/mu_sensitivity.py", line 81, in safe
    value = fn()
  File "D:/tangyumengnew/aaaaaaaaximukeji/scripts/aedt_export/mu_sensitivity.py", line 147, in <lambda$281>
    mesh_module.AssignLengthOp([
Exception: AssignLengthOp(Structured Array dataArg)(IronPython.Runtime.List) - call failed. Logs or message window might have more details

SURF Cylinder4: FAILED
Traceback (most recent call last):
  File "D:/tangyumengnew/aaaaaaaaximukeji/scripts/aedt_export/mu_sensitivity.py", line 81, in safe
    value = fn()
  File "D:/tangyumengnew/aaaaaaaaximukeji/scripts/aedt_export/mu_sensitivity.py", line 136, in <lambda$280>
    mesh_module.AssignLengthOp([
Exception: AssignLengthOp(Structured Array dataArg)(IronPython.Runtime.List) - call failed. Logs or message window might have more details

VOL  Cylinder4: FAILED
Traceback (most recent call last):
  File "D:/tangyumengnew/aaaaaaaaximukeji/scripts/aedt_export/mu_sensitivity.py", line 81, in safe
    value = fn()
  File "D:/tangyumengnew/aaaaaaaaximukeji/scripts/aedt_export/mu_sensitivity.py", line 147, in <lambda$281>
    mesh_module.AssignLengthOp([
Exception: AssignLengthOp(Structured Array dataArg)(IronPython.Runtime.List) - call failed. Logs or message window might have more details

SURF Cylinder6: FAILED
Traceback (most recent call last):
  File "D:/tangyumengnew/aaaaaaaaximukeji/scripts/aedt_export/mu_sensitivity.py", line 81, in safe
    value = fn()
  File "D:/tangyumengnew/aaaaaaaaximukeji/scripts/aedt_export/mu_sensitivity.py", line 136, in <lambda$280>
    mesh_module.AssignLengthOp([
Exception: AssignLengthOp(Structured Array dataArg)(IronPython.Runtime.List) - call failed. Logs or message window might have more details

VOL  Cylinder6: FAILED
Traceback (most recent call last):
  File "D:/tangyumengnew/aaaaaaaaximukeji/scripts/aedt_export/mu_sensitivity.py", line 81, in safe
    value = fn()
  File "D:/tangyumengnew/aaaaaaaaximukeji/scripts/aedt_export/mu_sensitivity.py", line 147, in <lambda$281>
    mesh_module.AssignLengthOp([
Exception: AssignLengthOp(Structured Array dataArg)(IronPython.Runtime.List) - call failed. Logs or message window might have more details

assigned mesh: a=0.200mm MaxLength=0.0666666666667mm divisor=3 objects=['Cylinder2', 'Cylinder4', 'Cylinder6']
ValidateDesign: OK -> 1
Analyze Setup1: OK -> 0
eval Bcenter_Bx: OK -> 4.19744915898e-07
eval Bcenter_By: OK -> -3.85861779734e-09
eval Bcenter_Bz: OK -> 4.40799939558e-10
eval Bcenter_Mag: FAILED
Traceback (most recent call last):
  File "D:/tangyumengnew/aaaaaaaaximukeji/scripts/aedt_export/mu_sensitivity.py", line 81, in safe
    value = fn()
  File "D:/tangyumengnew/aaaaaaaaximukeji/scripts/aedt_export/mu_sensitivity.py", line 352, in <lambda$289>
    Bmag = safe(fp, "eval Bcenter_Mag", lambda: eval_bmag(fields))
  File "D:/tangyumengnew/aaaaaaaaximukeji/scripts/aedt_export/mu_sensitivity.py", line 215, in eval_bmag
    fields.CalcOp("ComplexMag")
Exception: CalcOp(string data)(ComplexMag) - call failed. Logs or message window might have more details

SFx=2.99372297890
Center field: {'Bcenter_Bx_T': 4.19744915898165e-07, 'Bcenter_Mag_T': '', 'case_id': 'MU_C2_N3_t020_g010_x_mu2000', 'field_dir': 'x', 'status': 'exported', 'source_project': 'D:\\tangyumengnew\\aaaaaaaaximukeji\\round2_working\\manufacturable_thin\\MU_C2_N3_t020_g010_x_mu2000_shield.aedt', 'Bcenter_Bz_T': 4.4079993955838601e-10, 'Bcenter_By_T': -3.85861779734061e-09}
eval IntH2_total: OK -> 4.38092548008e-06
eval IntH2_L1: OK -> 1.12486305553e-06
eval IntH2_L2: OK -> 1.58194909977e-06
eval IntH2_L3: OK -> 1.67411332478e-06
IntH2: {'IntH2_L3': 1.67411332477697e-06, 'IntH2_total': 4.3809254800791103e-06, 'IntH2_L2': 1.58194909977205e-06, 'status': 'exported', 'coil_dir': 'x', 'case_id': 'MU_C2_N3_t020_g010_x_mu2000', 'notes': 'mu_r=2000', 'IntH2_L1': 1.1248630555300901e-06, 'IntH2_L5': '', 'source_project': 'D:\\tangyumengnew\\aaaaaaaaximukeji\\round2_working\\manufacturable_thin\\MU_C2_N3_t020_g010_x_mu2000_shield.aedt', 'IntH2_L4': '', 'IntH2_L6': ''}
Save: OK
CloseProject: OK

------------------------------------------------------------
Processing MU_C2_N3_t020_g010_x_mu5000 | layers=3 | a=0.200mm | mu_r=5000
copied C2_N3_t020_g010_shield.aedt -> MU_C2_N3_t020_g010_x_mu5000_shield.aedt
OpenProject: OK -> IDispatch(ISProject2)
tangential-H faces: 4
set material Cylinder2 -> ferrite_mu5000: OK
set material Cylinder4 -> ferrite_mu5000: OK
set material Cylinder6 -> ferrite_mu5000: OK
set material Cylinder8 -> ferrite_mu5000: FAILED
Traceback (most recent call last):
  File "D:/tangyumengnew/aaaaaaaaximukeji/scripts/aedt_export/mu_sensitivity.py", line 81, in safe
    value = fn()
  File "D:/tangyumengnew/aaaaaaaaximukeji/scripts/aedt_export/mu_sensitivity.py", line 173, in <lambda$282>
    oEditor.ChangeProperty([
Exception: ChangeProperty(Structured Array args)(IronPython.Runtime.List) - call failed. Logs or message window might have more details

changed ferrite material to ferrite_mu5000 (mu_r=5000)
cleared 0 mesh ops
SURF Cylinder2: FAILED
Traceback (most recent call last):
  File "D:/tangyumengnew/aaaaaaaaximukeji/scripts/aedt_export/mu_sensitivity.py", line 81, in safe
    value = fn()
  File "D:/tangyumengnew/aaaaaaaaximukeji/scripts/aedt_export/mu_sensitivity.py", line 136, in <lambda$280>
    mesh_module.AssignLengthOp([
Exception: AssignLengthOp(Structured Array dataArg)(IronPython.Runtime.List) - call failed. Logs or message window might have more details

VOL  Cylinder2: FAILED
Traceback (most recent call last):
  File "D:/tangyumengnew/aaaaaaaaximukeji/scripts/aedt_export/mu_sensitivity.py", line 81, in safe
    value = fn()
  File "D:/tangyumengnew/aaaaaaaaximukeji/scripts/aedt_export/mu_sensitivity.py", line 147, in <lambda$281>
    mesh_module.AssignLengthOp([
Exception: AssignLengthOp(Structured Array dataArg)(IronPython.Runtime.List) - call failed. Logs or message window might have more details

SURF Cylinder4: FAILED
Traceback (most recent call last):
  File "D:/tangyumengnew/aaaaaaaaximukeji/scripts/aedt_export/mu_sensitivity.py", line 81, in safe
    value = fn()
  File "D:/tangyumengnew/aaaaaaaaximukeji/scripts/aedt_export/mu_sensitivity.py", line 136, in <lambda$280>
    mesh_module.AssignLengthOp([
Exception: AssignLengthOp(Structured Array dataArg)(IronPython.Runtime.List) - call failed. Logs or message window might have more details

VOL  Cylinder4: FAILED
Traceback (most recent call last):
  File "D:/tangyumengnew/aaaaaaaaximukeji/scripts/aedt_export/mu_sensitivity.py", line 81, in safe
    value = fn()
  File "D:/tangyumengnew/aaaaaaaaximukeji/scripts/aedt_export/mu_sensitivity.py", line 147, in <lambda$281>
    mesh_module.AssignLengthOp([
Exception: AssignLengthOp(Structured Array dataArg)(IronPython.Runtime.List) - call failed. Logs or message window might have more details

SURF Cylinder6: FAILED
Traceback (most recent call last):
  File "D:/tangyumengnew/aaaaaaaaximukeji/scripts/aedt_export/mu_sensitivity.py", line 81, in safe
    value = fn()
  File "D:/tangyumengnew/aaaaaaaaximukeji/scripts/aedt_export/mu_sensitivity.py", line 136, in <lambda$280>
    mesh_module.AssignLengthOp([
Exception: AssignLengthOp(Structured Array dataArg)(IronPython.Runtime.List) - call failed. Logs or message window might have more details

VOL  Cylinder6: FAILED
Traceback (most recent call last):
  File "D:/tangyumengnew/aaaaaaaaximukeji/scripts/aedt_export/mu_sensitivity.py", line 81, in safe
    value = fn()
  File "D:/tangyumengnew/aaaaaaaaximukeji/scripts/aedt_export/mu_sensitivity.py", line 147, in <lambda$281>
    mesh_module.AssignLengthOp([
Exception: AssignLengthOp(Structured Array dataArg)(IronPython.Runtime.List) - call failed. Logs or message window might have more details

assigned mesh: a=0.200mm MaxLength=0.0666666666667mm divisor=3 objects=['Cylinder2', 'Cylinder4', 'Cylinder6']
ValidateDesign: OK -> 1
Analyze Setup1: OK -> 0
eval Bcenter_Bx: OK -> 4.19744915888e-07
eval Bcenter_By: OK -> -3.85861779257e-09
eval Bcenter_Bz: OK -> 4.40799938127e-10
eval Bcenter_Mag: FAILED
Traceback (most recent call last):
  File "D:/tangyumengnew/aaaaaaaaximukeji/scripts/aedt_export/mu_sensitivity.py", line 81, in safe
    value = fn()
  File "D:/tangyumengnew/aaaaaaaaximukeji/scripts/aedt_export/mu_sensitivity.py", line 352, in <lambda$289>
    Bmag = safe(fp, "eval Bcenter_Mag", lambda: eval_bmag(fields))
  File "D:/tangyumengnew/aaaaaaaaximukeji/scripts/aedt_export/mu_sensitivity.py", line 215, in eval_bmag
    fields.CalcOp("ComplexMag")
Exception: CalcOp(string data)(ComplexMag) - call failed. Logs or message window might have more details

SFx=2.99372297897
Center field: {'Bcenter_Bx_T': 4.19744915887805e-07, 'Bcenter_Mag_T': '', 'case_id': 'MU_C2_N3_t020_g010_x_mu5000', 'field_dir': 'x', 'status': 'exported', 'source_project': 'D:\\tangyumengnew\\aaaaaaaaximukeji\\round2_working\\manufacturable_thin\\MU_C2_N3_t020_g010_x_mu5000_shield.aedt', 'Bcenter_Bz_T': 4.4079993812747098e-10, 'Bcenter_By_T': -3.8586177925689599e-09}
eval IntH2_total: OK -> 4.38092547989e-06
eval IntH2_L1: OK -> 1.12486305548e-06
eval IntH2_L2: OK -> 1.5819490997e-06
eval IntH2_L3: OK -> 1.67411332471e-06
IntH2: {'IntH2_L3': 1.6741133247108e-06, 'IntH2_total': 4.3809254798938599e-06, 'IntH2_L2': 1.58194909970002e-06, 'status': 'exported', 'coil_dir': 'x', 'case_id': 'MU_C2_N3_t020_g010_x_mu5000', 'notes': 'mu_r=5000', 'IntH2_L1': 1.1248630554830499e-06, 'IntH2_L5': '', 'source_project': 'D:\\tangyumengnew\\aaaaaaaaximukeji\\round2_working\\manufacturable_thin\\MU_C2_N3_t020_g010_x_mu5000_shield.aedt', 'IntH2_L4': '', 'IntH2_L6': ''}
Save: OK
CloseProject: OK

------------------------------------------------------------
Processing MU_C2_N4_t015_g008_x_mu500 | layers=4 | a=0.150mm | mu_r=500
copied C2_N4_t015_g008_shield.aedt -> MU_C2_N4_t015_g008_x_mu500_shield.aedt
OpenProject: OK -> IDispatch(ISProject2)
tangential-H faces: 4
set material Cylinder2 -> ferrite_mu500: OK
set material Cylinder4 -> ferrite_mu500: OK
set material Cylinder6 -> ferrite_mu500: OK
set material Cylinder8 -> ferrite_mu500: OK
changed ferrite material to ferrite_mu500 (mu_r=500)
cleared 0 mesh ops
SURF Cylinder2: FAILED
Traceback (most recent call last):
  File "D:/tangyumengnew/aaaaaaaaximukeji/scripts/aedt_export/mu_sensitivity.py", line 81, in safe
    value = fn()
  File "D:/tangyumengnew/aaaaaaaaximukeji/scripts/aedt_export/mu_sensitivity.py", line 136, in <lambda$280>
    mesh_module.AssignLengthOp([
Exception: AssignLengthOp(Structured Array dataArg)(IronPython.Runtime.List) - call failed. Logs or message window might have more details

VOL  Cylinder2: FAILED
Traceback (most recent call last):
  File "D:/tangyumengnew/aaaaaaaaximukeji/scripts/aedt_export/mu_sensitivity.py", line 81, in safe
    value = fn()
  File "D:/tangyumengnew/aaaaaaaaximukeji/scripts/aedt_export/mu_sensitivity.py", line 147, in <lambda$281>
    mesh_module.AssignLengthOp([
Exception: AssignLengthOp(Structured Array dataArg)(IronPython.Runtime.List) - call failed. Logs or message window might have more details

SURF Cylinder4: FAILED
Traceback (most recent call last):
  File "D:/tangyumengnew/aaaaaaaaximukeji/scripts/aedt_export/mu_sensitivity.py", line 81, in safe
    value = fn()
  File "D:/tangyumengnew/aaaaaaaaximukeji/scripts/aedt_export/mu_sensitivity.py", line 136, in <lambda$280>
    mesh_module.AssignLengthOp([
Exception: AssignLengthOp(Structured Array dataArg)(IronPython.Runtime.List) - call failed. Logs or message window might have more details

VOL  Cylinder4: FAILED
Traceback (most recent call last):
  File "D:/tangyumengnew/aaaaaaaaximukeji/scripts/aedt_export/mu_sensitivity.py", line 81, in safe
    value = fn()
  File "D:/tangyumengnew/aaaaaaaaximukeji/scripts/aedt_export/mu_sensitivity.py", line 147, in <lambda$281>
    mesh_module.AssignLengthOp([
Exception: AssignLengthOp(Structured Array dataArg)(IronPython.Runtime.List) - call failed. Logs or message window might have more details

SURF Cylinder6: FAILED
Traceback (most recent call last):
  File "D:/tangyumengnew/aaaaaaaaximukeji/scripts/aedt_export/mu_sensitivity.py", line 81, in safe
    value = fn()
  File "D:/tangyumengnew/aaaaaaaaximukeji/scripts/aedt_export/mu_sensitivity.py", line 136, in <lambda$280>
    mesh_module.AssignLengthOp([
Exception: AssignLengthOp(Structured Array dataArg)(IronPython.Runtime.List) - call failed. Logs or message window might have more details

VOL  Cylinder6: FAILED
Traceback (most recent call last):
  File "D:/tangyumengnew/aaaaaaaaximukeji/scripts/aedt_export/mu_sensitivity.py", line 81, in safe
    value = fn()
  File "D:/tangyumengnew/aaaaaaaaximukeji/scripts/aedt_export/mu_sensitivity.py", line 147, in <lambda$281>
    mesh_module.AssignLengthOp([
Exception: AssignLengthOp(Structured Array dataArg)(IronPython.Runtime.List) - call failed. Logs or message window might have more details

SURF Cylinder8: FAILED
Traceback (most recent call last):
  File "D:/tangyumengnew/aaaaaaaaximukeji/scripts/aedt_export/mu_sensitivity.py", line 81, in safe
    value = fn()
  File "D:/tangyumengnew/aaaaaaaaximukeji/scripts/aedt_export/mu_sensitivity.py", line 136, in <lambda$280>
    mesh_module.AssignLengthOp([
Exception: AssignLengthOp(Structured Array dataArg)(IronPython.Runtime.List) - call failed. Logs or message window might have more details

VOL  Cylinder8: FAILED
Traceback (most recent call last):
  File "D:/tangyumengnew/aaaaaaaaximukeji/scripts/aedt_export/mu_sensitivity.py", line 81, in safe
    value = fn()
  File "D:/tangyumengnew/aaaaaaaaximukeji/scripts/aedt_export/mu_sensitivity.py", line 147, in <lambda$281>
    mesh_module.AssignLengthOp([
Exception: AssignLengthOp(Structured Array dataArg)(IronPython.Runtime.List) - call failed. Logs or message window might have more details

assigned mesh: a=0.150mm MaxLength=0.05mm divisor=3 objects=['Cylinder2', 'Cylinder4', 'Cylinder6', 'Cylinder8']
ValidateDesign: OK -> 1
