2026-06-02 14:39:12 monitor_start interval_seconds=600 once=True
2026-06-02 14:39:13 engine_detected pid=23156 solver_dir=C:\Users\ymt\AppData\Local\Temp\maxwell_LAPTOP-AJJKNQJR_23156.pjt
2026-06-02 14:39:13 monitor_stop
2026-06-02 14:39:49 monitor_start interval_seconds=600 once=False
2026-06-02 14:39:49 engine_detected pid=23156 solver_dir=C:\Users\ymt\AppData\Local\Temp\maxwell_LAPTOP-AJJKNQJR_23156.pjt
2026-06-02 14:49:50 license_error_detected count=4
2026-06-02 14:56:21 note previous license_error_detected count=4 was a monitor false positive from historical log lines
2026-06-02 14:56:22 monitor_start interval_seconds=600 once=True
2026-06-02 14:56:22 engine_detected pid=23156 solver_dir=C:\Users\ymt\AppData\Local\Temp\maxwell_LAPTOP-AJJKNQJR_23156.pjt
2026-06-02 14:56:22 monitor_stop
2026-06-02 14:56:38 monitor_start interval_seconds=600 once=False
2026-06-02 14:56:38 engine_detected pid=23156 solver_dir=C:\Users\ymt\AppData\Local\Temp\maxwell_LAPTOP-AJJKNQJR_23156.pjt
2026-06-02 16:22:41 monitor_start interval_seconds=60 once=False
2026-06-02 16:22:41 engine_detected pid=26208 solver_dir=C:\Users\ymt\AppData\Local\Temp\maxwell_LAPTOP-AJJKNQJR_26208.pjt
2026-06-02 16:38:34 engine_missing MAXWELLCOMENGINE is not running
2026-06-02 16:39:34 engine_missing MAXWELLCOMENGINE is not running
2026-06-02 16:40:34 engine_missing MAXWELLCOMENGINE is not running
2026-06-02 16:41:34 engine_missing MAXWELLCOMENGINE is not running
2026-06-02 17:38:39 monitor_start interval_seconds=60 once=False
2026-06-02 17:38:40 engine_detected pid=3636 solver_dir=C:\Users\ymt\AppData\Local\Temp\maxwell_LAPTOP-AJJKNQJR_3636.pjt
2026-06-02 20:23:57 milestone initial.ngmesh detected
2026-06-02 20:23:57 milestone Setup1bef_rec.g3d detected
2026-06-02 20:23:57 milestone SafeRetCode=0
2026-06-02 20:24:57 engine_missing MAXWELLCOMENGINE is not running
2026-06-02 20:25:57 engine_missing MAXWELLCOMENGINE is not running
2026-06-02 20:26:57 engine_missing MAXWELLCOMENGINE is not running
2026-06-02 20:27:57 engine_missing MAXWELLCOMENGINE is not running
2026-06-02 20:28:57 engine_missing MAXWELLCOMENGINE is not running
2026-06-02 20:29:57 engine_missing MAXWELLCOMENGINE is not running
2026-06-02 20:30:57 engine_missing MAXWELLCOMENGINE is not running
2026-06-02 20:31:57 engine_missing MAXWELLCOMENGINE is not running
2026-06-02 20:32:57 engine_missing MAXWELLCOMENGINE is not running
2026-06-02 20:33:57 engine_missing MAXWELLCOMENGINE is not running
2026-06-02 20:34:57 engine_missing MAXWELLCOMENGINE is not running
2026-06-02 20:35:57 engine_missing MAXWELLCOMENGINE is not running
2026-06-02 20:36:57 engine_missing MAXWELLCOMENGINE is not running
2026-06-02 20:37:57 engine_missing MAXWELLCOMENGINE is not running
2026-06-02 20:38:57 engine_missing MAXWELLCOMENGINE is not running
2026-06-02 20:39:57 engine_missing MAXWELLCOMENGINE is not running
2026-06-02 20:40:57 engine_missing MAXWELLCOMENGINE is not running
2026-06-02 20:41:57 engine_missing MAXWELLCOMENGINE is not running
2026-06-02 20:42:57 engine_missing MAXWELLCOMENGINE is not running
2026-06-02 20:43:57 engine_missing MAXWELLCOMENGINE is not running
2026-06-02 20:44:57 engine_missing MAXWELLCOMENGINE is not running
2026-06-02 20:45:57 engine_missing MAXWELLCOMENGINE is not running
2026-06-02 20:46:57 engine_missing MAXWELLCOMENGINE is not running
2026-06-02 20:47:57 engine_missing MAXWELLCOMENGINE is not running
2026-06-02 20:48:57 engine_missing MAXWELLCOMENGINE is not running
2026-06-02 20:49:57 engine_missing MAXWELLCOMENGINE is not running
2026-06-02 20:50:57 engine_missing MAXWELLCOMENGINE is not running
2026-06-02 20:51:57 engine_missing MAXWELLCOMENGINE is not running
2026-06-02 20:52:57 engine_missing MAXWELLCOMENGINE is not running
2026-06-02 20:53:57 engine_missing MAXWELLCOMENGINE is not running
2026-06-02 20:54:58 engine_missing MAXWELLCOMENGINE is not running
2026-06-02 20:55:58 engine_missing MAXWELLCOMENGINE is not running
2026-06-02 20:56:58 engine_missing MAXWELLCOMENGINE is not running
2026-06-02 20:57:58 engine_missing MAXWELLCOMENGINE is not running
2026-06-02 20:58:58 engine_missing MAXWELLCOMENGINE is not running
2026-06-02 20:59:58 engine_missing MAXWELLCOMENGINE is not running
2026-06-02 21:00:58 engine_missing MAXWELLCOMENGINE is not running
2026-06-02 21:01:58 engine_missing MAXWELLCOMENGINE is not running
2026-06-02 21:02:58 engine_missing MAXWELLCOMENGINE is not running
2026-06-02 21:03:58 engine_missing MAXWELLCOMENGINE is not running
2026-06-02 21:04:58 engine_missing MAXWELLCOMENGINE is not running
2026-06-02 21:05:58 engine_missing MAXWELLCOMENGINE is not running
2026-06-02 21:06:58 engine_missing MAXWELLCOMENGINE is not running
2026-06-02 21:07:58 engine_missing MAXWELLCOMENGINE is not running
2026-06-02 21:08:58 engine_missing MAXWELLCOMENGINE is not running
2026-06-02 21:09:58 engine_missing MAXWELLCOMENGINE is not running
2026-06-02 21:10:58 engine_missing MAXWELLCOMENGINE is not running
2026-06-02 21:11:58 engine_missing MAXWELLCOMENGINE is not running
2026-06-02 21:12:58 engine_missing MAXWELLCOMENGINE is not running
2026-06-02 21:13:58 engine_missing MAXWELLCOMENGINE is not running
2026-06-02 21:14:58 engine_missing MAXWELLCOMENGINE is not running
2026-06-02 21:15:58 engine_missing MAXWELLCOMENGINE is not running
2026-06-02 21:16:58 engine_missing MAXWELLCOMENGINE is not running
2026-06-02 21:17:58 engine_missing MAXWELLCOMENGINE is not running
2026-06-02 21:18:58 engine_missing MAXWELLCOMENGINE is not running
2026-06-02 21:19:58 engine_missing MAXWELLCOMENGINE is not running
2026-06-02 21:20:58 engine_missing MAXWELLCOMENGINE is not running
2026-06-02 21:21:58 engine_missing MAXWELLCOMENGINE is not running
2026-06-02 21:22:58 engine_missing MAXWELLCOMENGINE is not running
2026-06-02 21:23:58 engine_missing MAXWELLCOMENGINE is not running
2026-06-02 21:24:58 engine_missing MAXWELLCOMENGINE is not running
2026-06-02 21:25:58 engine_missing MAXWELLCOMENGINE is not running
2026-06-02 21:26:58 engine_missing MAXWELLCOMENGINE is not running
2026-06-02 21:27:58 engine_missing MAXWELLCOMENGINE is not running
2026-06-02 21:28:58 engine_missing MAXWELLCOMENGINE is not running
2026-06-02 21:29:58 engine_missing MAXWELLCOMENGINE is not running
2026-06-02 21:30:58 engine_missing MAXWELLCOMENGINE is not running
2026-06-02 21:31:58 engine_missing MAXWELLCOMENGINE is not running
2026-06-02 21:32:58 engine_missing MAXWELLCOMENGINE is not running
2026-06-02 21:33:58 engine_missing MAXWELLCOMENGINE is not running
2026-06-02 21:34:58 engine_detected pid=8952 solver_dir=C:\Users\ymt\AppData\Local\Temp\maxwell_LAPTOP-AJJKNQJR_8952.pjt
2026-06-03 01:11:20 milestone initial.ngmesh detected
2026-06-03 01:11:20 milestone Setup1bef_rec.g3d detected
2026-06-03 01:12:20 engine_missing MAXWELLCOMENGINE is not running
2026-06-03 01:13:20 engine_missing MAXWELLCOMENGINE is not running
2026-06-03 01:14:20 engine_missing MAXWELLCOMENGINE is not running
2026-06-03 01:15:20 engine_missing MAXWELLCOMENGINE is not running
2026-06-03 01:16:20 engine_missing MAXWELLCOMENGINE is not running
2026-06-03 01:17:20 engine_missing MAXWELLCOMENGINE is not running
2026-06-03 01:18:20 engine_missing MAXWELLCOMENGINE is not running
2026-06-03 01:19:20 engine_missing MAXWELLCOMENGINE is not running
2026-06-03 01:20:20 engine_missing MAXWELLCOMENGINE is not running
2026-06-03 01:21:20 engine_missing MAXWELLCOMENGINE is not running
2026-06-03 01:22:20 engine_missing MAXWELLCOMENGINE is not running
2026-06-03 01:23:20 engine_missing MAXWELLCOMENGINE is not running
2026-06-03 01:24:21 engine_missing MAXWELLCOMENGINE is not running
2026-06-03 01:25:21 engine_missing MAXWELLCOMENGINE is not running
2026-06-03 01:26:21 engine_missing MAXWELLCOMENGINE is not running
2026-06-03 01:27:21 engine_missing MAXWELLCOMENGINE is not running
2026-06-03 01:28:21 engine_missing MAXWELLCOMENGINE is not running
2026-06-03 01:29:21 engine_missing MAXWELLCOMENGINE is not running
2026-06-03 01:30:21 engine_missing MAXWELLCOMENGINE is not running
2026-06-03 01:31:21 engine_missing MAXWELLCOMENGINE is not running
2026-06-03 01:32:21 engine_missing MAXWELLCOMENGINE is not running
2026-06-03 01:33:21 engine_missing MAXWELLCOMENGINE is not running
2026-06-03 01:34:21 engine_missing MAXWELLCOMENGINE is not running
2026-06-03 01:35:21 engine_missing MAXWELLCOMENGINE is not running
2026-06-03 01:36:21 engine_missing MAXWELLCOMENGINE is not running
2026-06-03 01:37:21 engine_missing MAXWELLCOMENGINE is not running
2026-06-03 01:38:21 engine_missing MAXWELLCOMENGINE is not running
2026-06-03 01:39:21 engine_missing MAXWELLCOMENGINE is not running
2026-06-03 01:40:21 engine_missing MAXWELLCOMENGINE is not running
2026-06-03 01:41:21 engine_missing MAXWELLCOMENGINE is not running
2026-06-03 01:42:21 engine_missing MAXWELLCOMENGINE is not running
2026-06-03 01:43:21 engine_missing MAXWELLCOMENGINE is not running
2026-06-03 01:44:21 engine_missing MAXWELLCOMENGINE is not running
2026-06-03 01:45:21 engine_missing MAXWELLCOMENGINE is not running
2026-06-03 01:46:21 engine_missing MAXWELLCOMENGINE is not running
2026-06-03 01:47:21 engine_missing MAXWELLCOMENGINE is not running
2026-06-03 01:48:21 engine_missing MAXWELLCOMENGINE is not running
2026-06-03 01:49:21 engine_missing MAXWELLCOMENGINE is not running
2026-06-03 01:50:21 engine_missing MAXWELLCOMENGINE is not running
2026-06-03 01:51:21 engine_missing MAXWELLCOMENGINE is not running
2026-06-03 01:52:21 engine_missing MAXWELLCOMENGINE is not running
2026-06-03 01:53:21 engine_missing MAXWELLCOMENGINE is not running
2026-06-03 01:54:21 engine_missing MAXWELLCOMENGINE is not running
2026-06-03 01:55:21 engine_missing MAXWELLCOMENGINE is not running
2026-06-03 01:56:21 engine_missing MAXWELLCOMENGINE is not running
2026-06-03 01:57:21 engine_missing MAXWELLCOMENGINE is not running
2026-06-03 01:58:21 engine_missing MAXWELLCOMENGINE is not running
2026-06-03 01:59:21 engine_missing MAXWELLCOMENGINE is not running
2026-06-03 02:00:21 engine_missing MAXWELLCOMENGINE is not running
2026-06-03 02:01:21 engine_missing MAXWELLCOMENGINE is not running
2026-06-03 02:02:21 engine_missing MAXWELLCOMENGINE is not running
2026-06-03 02:03:22 engine_missing MAXWELLCOMENGINE is not running
2026-06-03 02:04:22 engine_missing MAXWELLCOMENGINE is not running
2026-06-03 02:05:22 engine_missing MAXWELLCOMENGINE is not running
2026-06-03 02:06:22 engine_missing MAXWELLCOMENGINE is not running
2026-06-03 02:07:22 engine_missing MAXWELLCOMENGINE is not running
2026-06-03 02:08:22 engine_missing MAXWELLCOMENGINE is not running
2026-06-03 02:09:22 engine_missing MAXWELLCOMENGINE is not running
2026-06-03 02:10:22 engine_missing MAXWELLCOMENGINE is not running
2026-06-03 02:11:22 engine_missing MAXWELLCOMENGINE is not running
2026-06-03 02:12:22 engine_missing MAXWELLCOMENGINE is not running
2026-06-03 02:13:22 engine_missing MAXWELLCOMENGINE is not running
2026-06-03 02:14:22 engine_missing MAXWELLCOMENGINE is not running
2026-06-03 02:15:22 engine_missing MAXWELLCOMENGINE is not running
2026-06-03 02:16:22 engine_missing MAXWELLCOMENGINE is not running
2026-06-03 02:17:22 engine_missing MAXWELLCOMENGINE is not running
2026-06-03 02:18:22 engine_missing MAXWELLCOMENGINE is not running
2026-06-03 02:19:22 engine_missing MAXWELLCOMENGINE is not running
2026-06-03 02:20:22 engine_missing MAXWELLCOMENGINE is not running
2026-06-03 02:21:22 engine_missing MAXWELLCOMENGINE is not running
2026-06-03 02:22:22 engine_missing MAXWELLCOMENGINE is not running
2026-06-03 02:23:22 engine_missing MAXWELLCOMENGINE is not running
2026-06-03 02:24:22 engine_missing MAXWELLCOMENGINE is not running
2026-06-03 02:25:22 engine_missing MAXWELLCOMENGINE is not running
2026-06-03 02:26:22 engine_missing MAXWELLCOMENGINE is not running
2026-06-03 02:27:22 engine_missing MAXWELLCOMENGINE is not running
2026-06-03 02:28:22 engine_missing MAXWELLCOMENGINE is not running
2026-06-03 02:29:22 engine_missing MAXWELLCOMENGINE is not running
2026-06-03 02:30:22 engine_missing MAXWELLCOMENGINE is not running
2026-06-03 02:31:22 engine_missing MAXWELLCOMENGINE is not running
2026-06-03 02:32:22 engine_missing MAXWELLCOMENGINE is not running
2026-06-03 02:33:22 engine_missing MAXWELLCOMENGINE is not running
2026-06-03 02:34:22 engine_missing MAXWELLCOMENGINE is not running
2026-06-03 02:35:22 engine_missing MAXWELLCOMENGINE is not running
2026-06-03 02:36:22 engine_missing MAXWELLCOMENGINE is not running
2026-06-03 02:37:22 engine_missing MAXWELLCOMENGINE is not running
2026-06-03 02:38:22 engine_missing MAXWELLCOMENGINE is not running
2026-06-03 02:39:22 engine_missing MAXWELLCOMENGINE is not running
2026-06-03 02:40:22 engine_missing MAXWELLCOMENGINE is not running
2026-06-03 02:41:22 engine_missing MAXWELLCOMENGINE is not running
2026-06-03 02:42:23 engine_missing MAXWELLCOMENGINE is not running
2026-06-03 02:43:23 engine_missing MAXWELLCOMENGINE is not running
2026-06-03 02:44:23 engine_missing MAXWELLCOMENGINE is not running
2026-06-03 02:45:23 engine_missing MAXWELLCOMENGINE is not running
2026-06-03 02:46:23 engine_missing MAXWELLCOMENGINE is not running
2026-06-03 02:47:23 engine_missing MAXWELLCOMENGINE is not running
2026-06-03 02:48:23 engine_missing MAXWELLCOMENGINE is not running
2026-06-03 02:49:23 engine_missing MAXWELLCOMENGINE is not running
2026-06-03 02:50:23 engine_missing MAXWELLCOMENGINE is not running
2026-06-03 02:51:23 engine_missing MAXWELLCOMENGINE is not running
2026-06-03 02:52:23 engine_missing MAXWELLCOMENGINE is not running
2026-06-03 02:53:23 engine_missing MAXWELLCOMENGINE is not running
2026-06-03 02:54:23 engine_missing MAXWELLCOMENGINE is not running
2026-06-03 02:55:23 engine_missing MAXWELLCOMENGINE is not running
2026-06-03 02:56:23 engine_missing MAXWELLCOMENGINE is not running
2026-06-03 02:57:23 engine_missing MAXWELLCOMENGINE is not running
2026-06-03 02:58:23 engine_missing MAXWELLCOMENGINE is not running
2026-06-03 02:59:23 engine_missing MAXWELLCOMENGINE is not running
2026-06-03 03:00:23 engine_missing MAXWELLCOMENGINE is not running
2026-06-03 03:01:23 engine_missing MAXWELLCOMENGINE is not running
2026-06-03 03:02:23 engine_missing MAXWELLCOMENGINE is not running
2026-06-03 03:03:23 engine_missing MAXWELLCOMENGINE is not running
2026-06-03 03:04:23 engine_missing MAXWELLCOMENGINE is not running
2026-06-03 03:05:23 engine_missing MAXWELLCOMENGINE is not running
2026-06-03 03:06:23 engine_missing MAXWELLCOMENGINE is not running
2026-06-03 03:07:23 engine_missing MAXWELLCOMENGINE is not running
2026-06-03 03:08:23 engine_missing MAXWELLCOMENGINE is not running
2026-06-03 03:09:23 engine_missing MAXWELLCOMENGINE is not running
2026-06-03 03:10:23 engine_missing MAXWELLCOMENGINE is not running
2026-06-03 03:11:23 engine_missing MAXWELLCOMENGINE is not running
2026-06-03 03:12:23 engine_missing MAXWELLCOMENGINE is not running
2026-06-03 03:13:23 engine_missing MAXWELLCOMENGINE is not running
2026-06-03 03:14:23 engine_missing MAXWELLCOMENGINE is not running
2026-06-03 03:15:23 engine_missing MAXWELLCOMENGINE is not running
2026-06-03 03:16:23 engine_missing MAXWELLCOMENGINE is not running
2026-06-03 03:17:23 engine_missing MAXWELLCOMENGINE is not running
2026-06-03 03:18:23 engine_missing MAXWELLCOMENGINE is not running
2026-06-03 03:19:23 engine_missing MAXWELLCOMENGINE is not running
2026-06-03 03:20:23 engine_missing MAXWELLCOMENGINE is not running
2026-06-03 03:21:23 engine_missing MAXWELLCOMENGINE is not running
2026-06-03 03:22:24 engine_missing MAXWELLCOMENGINE is not running
2026-06-03 03:23:24 engine_missing MAXWELLCOMENGINE is not running
2026-06-03 03:24:24 engine_missing MAXWELLCOMENGINE is not running
2026-06-03 03:25:24 engine_missing MAXWELLCOMENGINE is not running
2026-06-03 03:26:24 engine_missing MAXWELLCOMENGINE is not running
2026-06-03 03:27:24 engine_missing MAXWELLCOMENGINE is not running
2026-06-03 03:28:24 engine_missing MAXWELLCOMENGINE is not running
2026-06-03 03:29:24 engine_missing MAXWELLCOMENGINE is not running
2026-06-03 03:30:24 engine_missing MAXWELLCOMENGINE is not running
2026-06-03 03:31:24 engine_missing MAXWELLCOMENGINE is not running
2026-06-03 03:32:24 engine_missing MAXWELLCOMENGINE is not running
2026-06-03 03:33:24 engine_missing MAXWELLCOMENGINE is not running
2026-06-03 03:34:24 engine_missing MAXWELLCOMENGINE is not running
2026-06-03 03:35:24 engine_missing MAXWELLCOMENGINE is not running
2026-06-03 03:36:24 engine_missing MAXWELLCOMENGINE is not running
2026-06-03 03:37:24 engine_missing MAXWELLCOMENGINE is not running
2026-06-03 03:38:24 engine_missing MAXWELLCOMENGINE is not running
2026-06-03 03:39:24 engine_missing MAXWELLCOMENGINE is not running
2026-06-03 03:40:24 engine_missing MAXWELLCOMENGINE is not running
2026-06-03 03:41:24 engine_missing MAXWELLCOMENGINE is not running
2026-06-03 03:42:24 engine_missing MAXWELLCOMENGINE is not running
2026-06-03 03:43:24 engine_missing MAXWELLCOMENGINE is not running
2026-06-03 03:44:24 engine_missing MAXWELLCOMENGINE is not running
2026-06-03 03:45:24 engine_missing MAXWELLCOMENGINE is not running
2026-06-03 03:46:24 engine_missing MAXWELLCOMENGINE is not running
2026-06-03 03:47:24 engine_missing MAXWELLCOMENGINE is not running
2026-06-03 03:48:24 engine_missing MAXWELLCOMENGINE is not running
2026-06-03 03:49:24 engine_missing MAXWELLCOMENGINE is not running
2026-06-03 03:50:24 engine_missing MAXWELLCOMENGINE is not running
2026-06-03 03:51:24 engine_missing MAXWELLCOMENGINE is not running
2026-06-03 03:52:24 engine_missing MAXWELLCOMENGINE is not running
2026-06-03 03:53:24 engine_missing MAXWELLCOMENGINE is not running
2026-06-03 03:54:24 engine_missing MAXWELLCOMENGINE is not running
2026-06-03 03:55:24 engine_missing MAXWELLCOMENGINE is not running
2026-06-03 03:56:24 engine_missing MAXWELLCOMENGINE is not running
2026-06-03 03:57:24 engine_missing MAXWELLCOMENGINE is not running
2026-06-03 03:58:24 engine_missing MAXWELLCOMENGINE is not running
2026-06-03 03:59:24 engine_missing MAXWELLCOMENGINE is not running
2026-06-03 04:00:25 engine_missing MAXWELLCOMENGINE is not running
2026-06-03 04:01:25 engine_missing MAXWELLCOMENGINE is not running
2026-06-03 04:02:25 engine_missing MAXWELLCOMENGINE is not running
2026-06-03 04:03:25 engine_missing MAXWELLCOMENGINE is not running
2026-06-03 04:04:25 engine_missing MAXWELLCOMENGINE is not running
2026-06-03 04:05:25 engine_missing MAXWELLCOMENGINE is not running
2026-06-03 04:06:25 engine_missing MAXWELLCOMENGINE is not running
2026-06-03 04:07:25 engine_missing MAXWELLCOMENGINE is not running
2026-06-03 04:08:25 engine_missing MAXWELLCOMENGINE is not running
2026-06-03 04:09:25 engine_missing MAXWELLCOMENGINE is not running
2026-06-03 04:10:25 engine_missing MAXWELLCOMENGINE is not running
2026-06-03 04:11:25 engine_missing MAXWELLCOMENGINE is not running
2026-06-03 04:12:25 engine_missing MAXWELLCOMENGINE is not running
2026-06-03 04:13:25 engine_missing MAXWELLCOMENGINE is not running
2026-06-03 04:14:25 engine_missing MAXWELLCOMENGINE is not running
2026-06-03 04:15:25 engine_missing MAXWELLCOMENGINE is not running
2026-06-03 04:16:25 engine_missing MAXWELLCOMENGINE is not running
2026-06-03 04:17:25 engine_missing MAXWELLCOMENGINE is not running
2026-06-03 04:18:25 engine_missing MAXWELLCOMENGINE is not running
2026-06-03 04:19:25 engine_missing MAXWELLCOMENGINE is not running
2026-06-03 04:20:25 engine_missing MAXWELLCOMENGINE is not running
2026-06-03 04:21:25 engine_missing MAXWELLCOMENGINE is not running
2026-06-03 04:22:25 engine_missing MAXWELLCOMENGINE is not running
2026-06-03 04:23:25 engine_missing MAXWELLCOMENGINE is not running
2026-06-03 04:24:25 engine_missing MAXWELLCOMENGINE is not running
2026-06-03 04:25:25 engine_missing MAXWELLCOMENGINE is not running
2026-06-03 04:26:25 engine_missing MAXWELLCOMENGINE is not running
2026-06-03 04:27:25 engine_missing MAXWELLCOMENGINE is not running
2026-06-03 04:28:25 engine_missing MAXWELLCOMENGINE is not running
2026-06-03 04:29:25 engine_missing MAXWELLCOMENGINE is not running
2026-06-03 04:30:25 engine_missing MAXWELLCOMENGINE is not running
2026-06-03 04:31:25 engine_missing MAXWELLCOMENGINE is not running
2026-06-03 04:32:25 engine_missing MAXWELLCOMENGINE is not running
2026-06-03 04:33:25 engine_missing MAXWELLCOMENGINE is not running
2026-06-03 04:34:25 engine_missing MAXWELLCOMENGINE is not running
2026-06-03 04:35:25 engine_missing MAXWELLCOMENGINE is not running
2026-06-03 04:36:25 engine_missing MAXWELLCOMENGINE is not running
2026-06-03 04:37:25 engine_missing MAXWELLCOMENGINE is not running
2026-06-03 04:38:25 engine_missing MAXWELLCOMENGINE is not running
2026-06-03 04:39:25 engine_missing MAXWELLCOMENGINE is not running
2026-06-03 04:40:26 engine_missing MAXWELLCOMENGINE is not running
2026-06-03 04:41:26 engine_missing MAXWELLCOMENGINE is not running
2026-06-03 04:42:26 engine_missing MAXWELLCOMENGINE is not running
2026-06-03 04:43:26 engine_missing MAXWELLCOMENGINE is not running
2026-06-03 04:44:26 engine_missing MAXWELLCOMENGINE is not running
2026-06-03 04:45:26 engine_missing MAXWELLCOMENGINE is not running
2026-06-03 04:46:26 engine_missing MAXWELLCOMENGINE is not running
2026-06-03 04:47:26 engine_missing MAXWELLCOMENGINE is not running
2026-06-03 04:48:26 engine_missing MAXWELLCOMENGINE is not running
2026-06-03 04:49:26 engine_missing MAXWELLCOMENGINE is not running
2026-06-03 04:50:26 engine_missing MAXWELLCOMENGINE is not running
2026-06-03 04:51:26 engine_missing MAXWELLCOMENGINE is not running
2026-06-03 04:52:26 engine_missing MAXWELLCOMENGINE is not running
2026-06-03 04:53:26 engine_missing MAXWELLCOMENGINE is not running
2026-06-03 04:54:26 engine_missing MAXWELLCOMENGINE is not running
2026-06-03 04:55:26 engine_missing MAXWELLCOMENGINE is not running
2026-06-03 04:56:26 engine_missing MAXWELLCOMENGINE is not running
2026-06-03 04:57:26 engine_missing MAXWELLCOMENGINE is not running
2026-06-03 04:58:26 engine_missing MAXWELLCOMENGINE is not running
2026-06-03 04:59:26 engine_missing MAXWELLCOMENGINE is not running
2026-06-03 05:00:26 engine_missing MAXWELLCOMENGINE is not running
2026-06-03 05:01:26 engine_missing MAXWELLCOMENGINE is not running
2026-06-03 05:02:26 engine_missing MAXWELLCOMENGINE is not running
2026-06-03 05:03:26 engine_missing MAXWELLCOMENGINE is not running
2026-06-03 05:04:26 engine_missing MAXWELLCOMENGINE is not running
2026-06-03 05:05:26 engine_missing MAXWELLCOMENGINE is not running
2026-06-03 05:06:26 engine_missing MAXWELLCOMENGINE is not running
2026-06-03 05:07:26 engine_missing MAXWELLCOMENGINE is not running
2026-06-03 05:08:26 engine_missing MAXWELLCOMENGINE is not running
2026-06-03 05:09:26 engine_missing MAXWELLCOMENGINE is not running
2026-06-03 05:10:26 engine_missing MAXWELLCOMENGINE is not running
2026-06-03 05:11:26 engine_missing MAXWELLCOMENGINE is not running
2026-06-03 05:12:26 engine_missing MAXWELLCOMENGINE is not running
2026-06-03 05:13:26 engine_missing MAXWELLCOMENGINE is not running
2026-06-03 05:14:26 engine_missing MAXWELLCOMENGINE is not running
2026-06-03 05:15:26 engine_missing MAXWELLCOMENGINE is not running
2026-06-03 05:16:26 engine_missing MAXWELLCOMENGINE is not running
2026-06-03 05:17:26 engine_missing MAXWELLCOMENGINE is not running
2026-06-03 05:18:26 engine_missing MAXWELLCOMENGINE is not running
2026-06-03 05:19:26 engine_missing MAXWELLCOMENGINE is not running
2026-06-03 05:20:27 engine_missing MAXWELLCOMENGINE is not running
2026-06-03 05:21:27 engine_missing MAXWELLCOMENGINE is not running
2026-06-03 05:22:27 engine_missing MAXWELLCOMENGINE is not running
2026-06-03 05:23:27 engine_missing MAXWELLCOMENGINE is not running
2026-06-03 05:24:27 engine_missing MAXWELLCOMENGINE is not running
2026-06-03 05:25:27 engine_missing MAXWELLCOMENGINE is not running
2026-06-03 05:26:27 engine_missing MAXWELLCOMENGINE is not running
2026-06-03 05:27:27 engine_missing MAXWELLCOMENGINE is not running
2026-06-03 05:28:27 engine_missing MAXWELLCOMENGINE is not running
2026-06-03 05:29:27 engine_missing MAXWELLCOMENGINE is not running
2026-06-03 05:30:27 engine_missing MAXWELLCOMENGINE is not running
2026-06-03 05:31:27 engine_missing MAXWELLCOMENGINE is not running
2026-06-03 05:32:27 engine_missing MAXWELLCOMENGINE is not running
2026-06-03 05:33:27 engine_missing MAXWELLCOMENGINE is not running
2026-06-03 05:34:27 engine_missing MAXWELLCOMENGINE is not running
2026-06-03 05:35:27 engine_missing MAXWELLCOMENGINE is not running
2026-06-03 05:36:27 engine_missing MAXWELLCOMENGINE is not running
2026-06-03 05:37:27 engine_missing MAXWELLCOMENGINE is not running
2026-06-03 05:38:27 engine_missing MAXWELLCOMENGINE is not running
2026-06-03 05:39:27 engine_missing MAXWELLCOMENGINE is not running
2026-06-03 05:40:27 engine_missing MAXWELLCOMENGINE is not running
2026-06-03 05:41:27 engine_missing MAXWELLCOMENGINE is not running
2026-06-03 05:42:27 engine_missing MAXWELLCOMENGINE is not running
2026-06-03 05:43:27 engine_missing MAXWELLCOMENGINE is not running
2026-06-03 05:44:27 engine_missing MAXWELLCOMENGINE is not running
2026-06-03 05:45:27 engine_missing MAXWELLCOMENGINE is not running
2026-06-03 05:46:27 engine_missing MAXWELLCOMENGINE is not running
2026-06-03 05:47:27 engine_missing MAXWELLCOMENGINE is not running
2026-06-03 05:48:27 engine_missing MAXWELLCOMENGINE is not running
2026-06-03 05:49:27 engine_missing MAXWELLCOMENGINE is not running
2026-06-03 05:50:27 engine_missing MAXWELLCOMENGINE is not running
2026-06-03 05:51:27 engine_missing MAXWELLCOMENGINE is not running
2026-06-03 05:52:27 engine_missing MAXWELLCOMENGINE is not running
2026-06-03 05:53:27 engine_missing MAXWELLCOMENGINE is not running
2026-06-03 05:54:27 engine_missing MAXWELLCOMENGINE is not running
2026-06-03 05:55:27 engine_missing MAXWELLCOMENGINE is not running
2026-06-03 05:56:27 engine_missing MAXWELLCOMENGINE is not running
2026-06-03 05:57:27 engine_missing MAXWELLCOMENGINE is not running
2026-06-03 05:58:27 engine_missing MAXWELLCOMENGINE is not running
2026-06-03 05:59:27 engine_missing MAXWELLCOMENGINE is not running
2026-06-03 06:00:28 engine_missing MAXWELLCOMENGINE is not running
2026-06-03 06:01:28 engine_missing MAXWELLCOMENGINE is not running
2026-06-03 06:02:28 engine_missing MAXWELLCOMENGINE is not running
2026-06-03 06:03:28 engine_missing MAXWELLCOMENGINE is not running
2026-06-03 06:04:28 engine_missing MAXWELLCOMENGINE is not running
2026-06-03 06:05:28 engine_missing MAXWELLCOMENGINE is not running
2026-06-03 06:06:28 engine_missing MAXWELLCOMENGINE is not running
2026-06-03 06:07:28 engine_missing MAXWELLCOMENGINE is not running
2026-06-03 06:08:28 engine_missing MAXWELLCOMENGINE is not running
2026-06-03 06:09:28 engine_missing MAXWELLCOMENGINE is not running
2026-06-03 06:10:28 engine_missing MAXWELLCOMENGINE is not running
2026-06-03 06:11:28 engine_missing MAXWELLCOMENGINE is not running
2026-06-03 06:12:28 engine_missing MAXWELLCOMENGINE is not running
2026-06-03 06:13:28 engine_missing MAXWELLCOMENGINE is not running
2026-06-03 06:14:28 engine_missing MAXWELLCOMENGINE is not running
2026-06-03 06:15:28 engine_missing MAXWELLCOMENGINE is not running
2026-06-03 06:16:28 engine_missing MAXWELLCOMENGINE is not running
2026-06-03 06:17:28 engine_missing MAXWELLCOMENGINE is not running
2026-06-03 06:18:28 engine_missing MAXWELLCOMENGINE is not running
2026-06-03 06:19:28 engine_missing MAXWELLCOMENGINE is not running
2026-06-03 06:20:28 engine_missing MAXWELLCOMENGINE is not running
2026-06-03 06:21:28 engine_missing MAXWELLCOMENGINE is not running
2026-06-03 06:22:28 engine_missing MAXWELLCOMENGINE is not running
2026-06-03 06:23:28 engine_missing MAXWELLCOMENGINE is not running
2026-06-03 06:24:28 engine_missing MAXWELLCOMENGINE is not running
2026-06-03 06:25:28 engine_missing MAXWELLCOMENGINE is not running
2026-06-03 06:26:28 engine_missing MAXWELLCOMENGINE is not running
2026-06-03 06:27:28 engine_missing MAXWELLCOMENGINE is not running
2026-06-03 06:28:28 engine_missing MAXWELLCOMENGINE is not running
2026-06-03 06:29:28 engine_missing MAXWELLCOMENGINE is not running
2026-06-03 06:30:28 engine_missing MAXWELLCOMENGINE is not running
2026-06-03 06:31:28 engine_missing MAXWELLCOMENGINE is not running
2026-06-03 06:32:28 engine_missing MAXWELLCOMENGINE is not running
2026-06-03 06:33:28 engine_missing MAXWELLCOMENGINE is not running
2026-06-03 06:34:28 engine_missing MAXWELLCOMENGINE is not running
2026-06-03 06:35:28 engine_missing MAXWELLCOMENGINE is not running
2026-06-03 06:36:28 engine_missing MAXWELLCOMENGINE is not running
2026-06-03 06:37:28 engine_missing MAXWELLCOMENGINE is not running
2026-06-03 06:38:28 engine_missing MAXWELLCOMENGINE is not running
2026-06-03 06:39:28 engine_missing MAXWELLCOMENGINE is not running
2026-06-03 06:40:29 engine_missing MAXWELLCOMENGINE is not running
2026-06-03 06:41:29 engine_missing MAXWELLCOMENGINE is not running
2026-06-03 06:42:29 engine_missing MAXWELLCOMENGINE is not running
2026-06-03 06:43:29 engine_missing MAXWELLCOMENGINE is not running
2026-06-03 06:44:29 engine_missing MAXWELLCOMENGINE is not running
2026-06-03 06:45:29 engine_missing MAXWELLCOMENGINE is not running
2026-06-03 06:46:29 engine_missing MAXWELLCOMENGINE is not running
2026-06-03 06:47:29 engine_missing MAXWELLCOMENGINE is not running
2026-06-03 06:48:29 engine_missing MAXWELLCOMENGINE is not running
2026-06-03 06:49:29 engine_missing MAXWELLCOMENGINE is not running
2026-06-03 06:50:29 engine_missing MAXWELLCOMENGINE is not running
2026-06-03 06:51:29 engine_missing MAXWELLCOMENGINE is not running
2026-06-03 06:52:29 engine_missing MAXWELLCOMENGINE is not running
2026-06-03 06:53:29 engine_missing MAXWELLCOMENGINE is not running
2026-06-03 06:54:29 engine_missing MAXWELLCOMENGINE is not running
2026-06-03 06:55:29 engine_missing MAXWELLCOMENGINE is not running
2026-06-03 06:56:29 engine_missing MAXWELLCOMENGINE is not running
2026-06-03 06:57:29 engine_missing MAXWELLCOMENGINE is not running
2026-06-03 06:58:29 engine_missing MAXWELLCOMENGINE is not running
2026-06-03 06:59:29 engine_missing MAXWELLCOMENGINE is not running
2026-06-03 07:00:29 engine_missing MAXWELLCOMENGINE is not running
2026-06-03 07:01:29 engine_missing MAXWELLCOMENGINE is not running
2026-06-03 07:02:29 engine_missing MAXWELLCOMENGINE is not running
2026-06-03 07:03:29 engine_missing MAXWELLCOMENGINE is not running
2026-06-03 07:04:29 engine_missing MAXWELLCOMENGINE is not running
2026-06-03 07:05:29 engine_missing MAXWELLCOMENGINE is not running
2026-06-03 07:06:29 engine_missing MAXWELLCOMENGINE is not running
2026-06-03 07:07:29 engine_missing MAXWELLCOMENGINE is not running
2026-06-03 07:08:29 engine_missing MAXWELLCOMENGINE is not running
2026-06-03 07:09:29 engine_missing MAXWELLCOMENGINE is not running
2026-06-03 07:10:29 engine_missing MAXWELLCOMENGINE is not running
2026-06-03 07:11:29 engine_missing MAXWELLCOMENGINE is not running
2026-06-03 07:12:29 engine_missing MAXWELLCOMENGINE is not running
2026-06-03 07:13:29 engine_missing MAXWELLCOMENGINE is not running
2026-06-03 07:14:29 engine_missing MAXWELLCOMENGINE is not running
2026-06-03 07:15:29 engine_missing MAXWELLCOMENGINE is not running
2026-06-03 07:16:29 engine_missing MAXWELLCOMENGINE is not running
2026-06-03 07:17:30 engine_missing MAXWELLCOMENGINE is not running
2026-06-03 07:18:30 engine_missing MAXWELLCOMENGINE is not running
2026-06-03 07:19:30 engine_missing MAXWELLCOMENGINE is not running
2026-06-03 07:20:30 engine_missing MAXWELLCOMENGINE is not running
2026-06-03 07:21:30 engine_missing MAXWELLCOMENGINE is not running
2026-06-03 07:22:30 engine_missing MAXWELLCOMENGINE is not running
2026-06-03 07:23:30 engine_missing MAXWELLCOMENGINE is not running
2026-06-03 07:24:30 engine_missing MAXWELLCOMENGINE is not running
2026-06-03 07:25:30 engine_missing MAXWELLCOMENGINE is not running
2026-06-03 07:26:30 engine_missing MAXWELLCOMENGINE is not running
2026-06-03 07:27:30 engine_missing MAXWELLCOMENGINE is not running
2026-06-03 07:28:30 engine_missing MAXWELLCOMENGINE is not running
2026-06-03 07:29:30 engine_missing MAXWELLCOMENGINE is not running
2026-06-03 07:30:30 engine_missing MAXWELLCOMENGINE is not running
2026-06-03 07:31:30 engine_missing MAXWELLCOMENGINE is not running
2026-06-03 07:32:30 engine_missing MAXWELLCOMENGINE is not running
2026-06-03 07:33:30 engine_missing MAXWELLCOMENGINE is not running
2026-06-03 07:34:30 engine_missing MAXWELLCOMENGINE is not running
2026-06-03 07:35:30 engine_missing MAXWELLCOMENGINE is not running
2026-06-03 07:36:30 engine_missing MAXWELLCOMENGINE is not running
2026-06-03 07:37:30 engine_missing MAXWELLCOMENGINE is not running
2026-06-03 07:38:30 engine_missing MAXWELLCOMENGINE is not running
2026-06-03 07:39:30 engine_missing MAXWELLCOMENGINE is not running
2026-06-03 07:40:30 engine_missing MAXWELLCOMENGINE is not running
2026-06-03 07:41:30 engine_missing MAXWELLCOMENGINE is not running
2026-06-03 07:42:30 engine_missing MAXWELLCOMENGINE is not running
2026-06-03 07:43:30 engine_missing MAXWELLCOMENGINE is not running
2026-06-03 07:44:30 engine_missing MAXWELLCOMENGINE is not running
2026-06-03 07:45:30 engine_missing MAXWELLCOMENGINE is not running
2026-06-03 07:46:30 engine_missing MAXWELLCOMENGINE is not running
2026-06-03 07:47:30 engine_missing MAXWELLCOMENGINE is not running
2026-06-03 07:48:30 engine_missing MAXWELLCOMENGINE is not running
2026-06-03 07:49:30 engine_missing MAXWELLCOMENGINE is not running
2026-06-03 07:50:30 engine_missing MAXWELLCOMENGINE is not running
2026-06-03 07:51:30 engine_missing MAXWELLCOMENGINE is not running
2026-06-03 07:52:30 engine_missing MAXWELLCOMENGINE is not running
2026-06-03 07:53:30 engine_missing MAXWELLCOMENGINE is not running
2026-06-03 07:54:30 engine_missing MAXWELLCOMENGINE is not running
2026-06-03 07:55:30 engine_missing MAXWELLCOMENGINE is not running
2026-06-03 07:56:31 engine_missing MAXWELLCOMENGINE is not running
2026-06-03 07:57:31 engine_missing MAXWELLCOMENGINE is not running
2026-06-03 07:58:31 engine_missing MAXWELLCOMENGINE is not running
2026-06-03 07:59:31 engine_missing MAXWELLCOMENGINE is not running
2026-06-03 08:00:31 engine_missing MAXWELLCOMENGINE is not running
2026-06-03 08:01:31 engine_missing MAXWELLCOMENGINE is not running
2026-06-03 08:02:31 engine_missing MAXWELLCOMENGINE is not running
2026-06-03 08:03:31 engine_missing MAXWELLCOMENGINE is not running
2026-06-03 08:04:31 engine_missing MAXWELLCOMENGINE is not running
2026-06-03 08:05:31 engine_missing MAXWELLCOMENGINE is not running
2026-06-03 08:06:31 engine_missing MAXWELLCOMENGINE is not running
2026-06-03 08:07:31 engine_missing MAXWELLCOMENGINE is not running
2026-06-03 08:08:31 engine_missing MAXWELLCOMENGINE is not running
2026-06-03 08:09:31 engine_missing MAXWELLCOMENGINE is not running
2026-06-03 08:10:31 engine_missing MAXWELLCOMENGINE is not running
2026-06-03 08:11:31 engine_missing MAXWELLCOMENGINE is not running
2026-06-03 08:12:31 engine_missing MAXWELLCOMENGINE is not running
2026-06-03 08:13:31 engine_missing MAXWELLCOMENGINE is not running
2026-06-03 08:14:31 engine_missing MAXWELLCOMENGINE is not running
2026-06-03 08:15:31 engine_missing MAXWELLCOMENGINE is not running
2026-06-03 08:16:31 engine_missing MAXWELLCOMENGINE is not running
2026-06-03 08:17:31 engine_missing MAXWELLCOMENGINE is not running
2026-06-03 08:18:31 engine_missing MAXWELLCOMENGINE is not running
2026-06-03 08:19:31 engine_missing MAXWELLCOMENGINE is not running
2026-06-03 08:20:31 engine_missing MAXWELLCOMENGINE is not running
2026-06-03 08:21:31 engine_missing MAXWELLCOMENGINE is not running
2026-06-03 08:22:31 engine_missing MAXWELLCOMENGINE is not running
2026-06-03 08:23:31 engine_missing MAXWELLCOMENGINE is not running
2026-06-03 08:24:31 engine_missing MAXWELLCOMENGINE is not running
2026-06-03 08:25:31 engine_missing MAXWELLCOMENGINE is not running
2026-06-03 08:26:31 engine_missing MAXWELLCOMENGINE is not running
2026-06-03 08:27:31 engine_missing MAXWELLCOMENGINE is not running
2026-06-03 08:28:31 engine_missing MAXWELLCOMENGINE is not running
2026-06-03 08:29:31 engine_missing MAXWELLCOMENGINE is not running
2026-06-03 08:30:31 engine_missing MAXWELLCOMENGINE is not running
2026-06-03 08:31:31 engine_missing MAXWELLCOMENGINE is not running
2026-06-03 08:32:31 engine_missing MAXWELLCOMENGINE is not running
2026-06-03 08:33:31 engine_missing MAXWELLCOMENGINE is not running
2026-06-03 08:34:31 engine_missing MAXWELLCOMENGINE is not running
2026-06-03 08:35:31 engine_missing MAXWELLCOMENGINE is not running
2026-06-03 08:36:31 engine_missing MAXWELLCOMENGINE is not running
2026-06-03 08:37:32 engine_missing MAXWELLCOMENGINE is not running
2026-06-03 08:38:32 engine_missing MAXWELLCOMENGINE is not running
2026-06-03 08:39:32 engine_missing MAXWELLCOMENGINE is not running
2026-06-03 08:40:32 engine_missing MAXWELLCOMENGINE is not running
2026-06-03 08:41:32 engine_missing MAXWELLCOMENGINE is not running
2026-06-03 08:42:32 engine_missing MAXWELLCOMENGINE is not running
2026-06-03 08:43:32 engine_missing MAXWELLCOMENGINE is not running
2026-06-03 08:44:32 engine_missing MAXWELLCOMENGINE is not running
2026-06-03 08:45:32 engine_missing MAXWELLCOMENGINE is not running
2026-06-03 08:46:32 engine_missing MAXWELLCOMENGINE is not running
2026-06-03 08:47:32 engine_missing MAXWELLCOMENGINE is not running
2026-06-03 08:48:32 engine_missing MAXWELLCOMENGINE is not running
2026-06-03 08:49:32 engine_missing MAXWELLCOMENGINE is not running
2026-06-03 08:50:32 engine_missing MAXWELLCOMENGINE is not running
2026-06-03 08:51:32 engine_missing MAXWELLCOMENGINE is not running
2026-06-03 08:52:32 engine_missing MAXWELLCOMENGINE is not running
2026-06-03 08:53:32 engine_missing MAXWELLCOMENGINE is not running
2026-06-03 08:54:32 engine_missing MAXWELLCOMENGINE is not running
2026-06-03 08:55:32 engine_missing MAXWELLCOMENGINE is not running
2026-06-03 08:56:32 engine_missing MAXWELLCOMENGINE is not running
2026-06-03 08:57:32 engine_missing MAXWELLCOMENGINE is not running
2026-06-03 08:58:32 engine_missing MAXWELLCOMENGINE is not running
2026-06-03 08:59:32 engine_missing MAXWELLCOMENGINE is not running
2026-06-03 09:00:32 engine_missing MAXWELLCOMENGINE is not running
2026-06-03 09:01:32 engine_missing MAXWELLCOMENGINE is not running
2026-06-03 09:02:32 engine_missing MAXWELLCOMENGINE is not running
2026-06-03 09:03:32 engine_missing MAXWELLCOMENGINE is not running
2026-06-03 09:04:32 engine_missing MAXWELLCOMENGINE is not running
2026-06-03 09:05:32 engine_missing MAXWELLCOMENGINE is not running
2026-06-03 09:06:32 engine_missing MAXWELLCOMENGINE is not running
2026-06-03 09:07:32 engine_missing MAXWELLCOMENGINE is not running
2026-06-03 09:08:32 engine_missing MAXWELLCOMENGINE is not running
2026-06-03 09:09:32 engine_missing MAXWELLCOMENGINE is not running
2026-06-03 09:10:32 engine_missing MAXWELLCOMENGINE is not running
2026-06-03 09:11:32 engine_missing MAXWELLCOMENGINE is not running
2026-06-03 09:12:32 engine_missing MAXWELLCOMENGINE is not running
2026-06-03 09:13:32 engine_missing MAXWELLCOMENGINE is not running
2026-06-03 09:14:32 engine_missing MAXWELLCOMENGINE is not running
2026-06-03 09:15:32 engine_detected pid=28772 solver_dir=C:\Users\ymt\AppData\Local\Temp\maxwell_LAPTOP-AJJKNQJR_28772.pjt
2026-06-03 11:33:44 engine_missing MAXWELLCOMENGINE is not running
2026-06-03 11:34:44 engine_missing MAXWELLCOMENGINE is not running
2026-06-03 11:35:45 engine_detected pid=8912 solver_dir=C:\Users\ymt\AppData\Local\Temp\maxwell_LAPTOP-AJJKNQJR_8912.pjt
2026-06-03 12:10:47 engine_missing MAXWELLCOMENGINE is not running
2026-06-03 12:11:47 engine_missing MAXWELLCOMENGINE is not running
2026-06-03 12:12:47 engine_missing MAXWELLCOMENGINE is not running
2026-06-03 12:13:48 engine_missing MAXWELLCOMENGINE is not running
2026-06-03 12:14:48 engine_missing MAXWELLCOMENGINE is not running
2026-06-03 12:15:48 engine_missing MAXWELLCOMENGINE is not running
2026-06-03 12:16:48 engine_missing MAXWELLCOMENGINE is not running
2026-06-03 12:17:48 engine_missing MAXWELLCOMENGINE is not running
2026-06-03 12:18:48 engine_missing MAXWELLCOMENGINE is not running
2026-06-03 12:19:48 engine_missing MAXWELLCOMENGINE is not running
2026-06-03 12:20:48 engine_missing MAXWELLCOMENGINE is not running
2026-06-03 12:21:48 engine_missing MAXWELLCOMENGINE is not running
2026-06-03 12:22:48 engine_missing MAXWELLCOMENGINE is not running
2026-06-03 12:23:48 engine_missing MAXWELLCOMENGINE is not running
2026-06-03 12:24:48 engine_missing MAXWELLCOMENGINE is not running
2026-06-03 12:25:48 engine_missing MAXWELLCOMENGINE is not running
2026-06-03 12:26:48 engine_missing MAXWELLCOMENGINE is not running
2026-06-03 12:27:48 engine_missing MAXWELLCOMENGINE is not running
2026-06-03 12:28:48 engine_missing MAXWELLCOMENGINE is not running
2026-06-03 12:29:48 engine_missing MAXWELLCOMENGINE is not running
2026-06-03 12:30:48 engine_missing MAXWELLCOMENGINE is not running
2026-06-03 12:31:48 engine_missing MAXWELLCOMENGINE is not running
2026-06-03 12:32:48 engine_missing MAXWELLCOMENGINE is not running
2026-06-03 12:33:48 engine_missing MAXWELLCOMENGINE is not running
2026-06-03 12:34:48 engine_missing MAXWELLCOMENGINE is not running
2026-06-03 12:35:48 engine_missing MAXWELLCOMENGINE is not running
2026-06-03 12:36:48 engine_missing MAXWELLCOMENGINE is not running
2026-06-03 12:37:48 engine_missing MAXWELLCOMENGINE is not running
2026-06-03 12:38:48 engine_missing MAXWELLCOMENGINE is not running
2026-06-03 12:39:48 engine_missing MAXWELLCOMENGINE is not running
2026-06-03 12:40:48 engine_missing MAXWELLCOMENGINE is not running
2026-06-03 12:41:48 engine_missing MAXWELLCOMENGINE is not running
2026-06-03 12:42:48 engine_missing MAXWELLCOMENGINE is not running
2026-06-03 12:43:48 engine_missing MAXWELLCOMENGINE is not running
2026-06-03 12:44:48 engine_missing MAXWELLCOMENGINE is not running
2026-06-03 12:45:48 engine_detected pid=2448 solver_dir=C:\Users\ymt\AppData\Local\Temp\maxwell_LAPTOP-AJJKNQJR_2448.pjt
2026-06-03 13:05:51 engine_missing MAXWELLCOMENGINE is not running
2026-06-03 13:06:51 engine_missing MAXWELLCOMENGINE is not running
2026-06-03 13:07:51 engine_missing MAXWELLCOMENGINE is not running
2026-06-03 13:08:51 engine_missing MAXWELLCOMENGINE is not running
2026-06-03 13:09:51 engine_missing MAXWELLCOMENGINE is not running
2026-06-03 13:10:51 engine_missing MAXWELLCOMENGINE is not running
2026-06-03 13:11:51 engine_missing MAXWELLCOMENGINE is not running
2026-06-03 13:12:51 engine_missing MAXWELLCOMENGINE is not running
2026-06-03 13:13:51 engine_missing MAXWELLCOMENGINE is not running
2026-06-03 13:14:51 engine_missing MAXWELLCOMENGINE is not running
2026-06-03 13:15:51 engine_detected pid=29840 solver_dir=C:\Users\ymt\AppData\Local\Temp\maxwell_LAPTOP-AJJKNQJR_29840.pjt
2026-06-03 13:36:54 milestone initial.ngmesh detected
2026-06-03 14:20:59 milestone SafeRetCode=0
2026-06-03 14:25:00 engine_missing MAXWELLCOMENGINE is not running
2026-06-03 14:26:00 engine_missing MAXWELLCOMENGINE is not running
2026-06-03 14:27:00 engine_missing MAXWELLCOMENGINE is not running
2026-06-03 14:28:00 engine_missing MAXWELLCOMENGINE is not running
2026-06-03 14:29:00 engine_missing MAXWELLCOMENGINE is not running
2026-06-03 14:30:00 engine_missing MAXWELLCOMENGINE is not running
2026-06-03 14:31:00 engine_missing MAXWELLCOMENGINE is not running
2026-06-03 14:32:00 engine_missing MAXWELLCOMENGINE is not running
2026-06-03 14:33:00 engine_missing MAXWELLCOMENGINE is not running
2026-06-03 14:34:00 engine_missing MAXWELLCOMENGINE is not running
2026-06-03 14:35:00 engine_missing MAXWELLCOMENGINE is not running
2026-06-03 14:36:00 engine_missing MAXWELLCOMENGINE is not running
2026-06-03 14:37:00 engine_missing MAXWELLCOMENGINE is not running
2026-06-03 14:38:00 engine_missing MAXWELLCOMENGINE is not running
2026-06-03 14:39:00 engine_missing MAXWELLCOMENGINE is not running
2026-06-03 14:40:00 engine_missing MAXWELLCOMENGINE is not running
2026-06-03 14:41:00 engine_missing MAXWELLCOMENGINE is not running
2026-06-03 14:42:00 engine_missing MAXWELLCOMENGINE is not running
2026-06-03 14:43:00 engine_missing MAXWELLCOMENGINE is not running
2026-06-03 14:44:00 engine_missing MAXWELLCOMENGINE is not running
2026-06-03 14:45:00 engine_missing MAXWELLCOMENGINE is not running
2026-06-03 14:46:00 engine_missing MAXWELLCOMENGINE is not running
2026-06-03 14:47:00 engine_missing MAXWELLCOMENGINE is not running
2026-06-03 14:48:00 engine_missing MAXWELLCOMENGINE is not running
2026-06-03 14:49:00 engine_missing MAXWELLCOMENGINE is not running
2026-06-03 14:50:00 engine_missing MAXWELLCOMENGINE is not running
2026-06-03 14:51:00 engine_missing MAXWELLCOMENGINE is not running
